/root/miniconda3/lib/python3.12/site-packages/pretty_midi/pretty_midi.py:122: RuntimeWarning: Tempo, Key or Time signature change events found on non-zero tracks.  This is not a valid type 0 or type 1 MIDI file.  Tempo, Key or Time Signature may be wrong.
  warnings.warn(
/root/MuRWKV/src/murwkv/training/train.py:274: UserWarning: Converting a tensor with requires_grad=True to a scalar may lead to unexpected behavior.
Consider using tensor.detach() first. (Triggered internally at /pytorch/torch/csrc/autograd/generated/python_variable_methods.cpp:835.)
  row = {"step": step, "loss": float(loss), "acc": float(acc), "eos_acc": float(eos_acc), "gnorm": float(gnorm), "lr": lr, "n_tok": n_tok, "noise_p": noise_p}
[data] tracks[120]: ['Track00003', 'Track00016', 'Track00022', 'Track00023', 'Track00036']...
[data] windows=3894 stats={'truncated_chunks': 0, 'tracks': 120, 'chunks': 5688, 'tokens': 3920803, 'shortened': 0, 'clipped_overlaps': 41701}
[val] tracks=20 windows=975 eval_every=500 limit=16
[model] params=21.87M  kernel_available=True (None)
[step 1/5000] loss 7.3462 acc 0.0% gnorm 506.000 lr 6.00e-06 tok 7490 0.8s/step [data 4ms fwd 722ms bwd+opt 110ms T=15504 passes=8]
[step 25/5000] loss 4.9805 acc 14.7% gnorm 39.250 lr 7.73e-05 tok 12409 8.4s/step [data 3ms fwd 277ms bwd+opt 8117ms T=20416 passes=10]
[step 50/5000] loss 4.7370 acc 15.0% gnorm 16.875 lr 1.52e-04 tok 6343 7.7s/step [data 3ms fwd 204ms bwd+opt 7504ms T=14352 passes=8]
[step 75/5000] loss 4.0246 acc 16.9% gnorm 5.844 lr 2.26e-04 tok 6217 7.7s/step [data 3ms fwd 197ms bwd+opt 7496ms T=14224 passes=7]
[step 100/5000] loss 3.9103 acc 17.1% gnorm 7.406 lr 3.00e-04 tok 12811 7.5s/step [data 3ms fwd 290ms bwd+opt 7214ms T=20816 passes=11]
[step 125/5000] loss 3.2020 acc 29.3% gnorm 8.875 lr 3.74e-04 tok 5546 6.9s/step [data 3ms fwd 188ms bwd+opt 6695ms T=13552 passes=7]
[step 150/5000] loss 2.4444 acc 42.3% gnorm 6.312 lr 4.49e-04 tok 20660 7.8s/step [data 3ms fwd 393ms bwd+opt 7422ms T=28672 passes=15]
[step 175/5000] loss 2.3992 acc 42.8% gnorm 3.984 lr 5.23e-04 tok 21388 7.8s/step [data 4ms fwd 404ms bwd+opt 7349ms T=29392 passes=15]
[step 200/5000] loss 2.4001 acc 39.7% gnorm 3.219 lr 5.97e-04 tok 11558 7.1s/step [data 2ms fwd 268ms bwd+opt 6815ms T=19568 passes=10]
[step 225/5000] loss 2.1113 acc 46.9% gnorm 2.594 lr 6.00e-04 tok 8607 7.2s/step [data 3ms fwd 239ms bwd+opt 7003ms T=16608 passes=9]
[step 250/5000] loss 2.3861 acc 34.5% gnorm 2.422 lr 6.00e-04 tok 11341 7.5s/step [data 3ms fwd 268ms bwd+opt 7189ms T=19344 passes=10]
[step 275/5000] loss 2.2061 acc 42.1% gnorm 1.281 lr 6.00e-04 tok 16936 8.0s/step [data 3ms fwd 343ms bwd+opt 7611ms T=24944 passes=13]
[step 300/5000] loss 2.1709 acc 41.7% gnorm 2.812 lr 5.99e-04 tok 5582 7.1s/step [data 3ms fwd 188ms bwd+opt 6937ms T=13584 passes=7]
[step 325/5000] loss 2.1456 acc 40.4% gnorm 2.203 lr 5.99e-04 tok 14518 7.0s/step [data 2ms fwd 323ms bwd+opt 6714ms T=22528 passes=12]
[step 350/5000] loss 1.9090 acc 49.7% gnorm 1.859 lr 5.99e-04 tok 11038 7.4s/step [data 3ms fwd 262ms bwd+opt 7125ms T=19040 passes=10]
[step 375/5000] loss 1.8525 acc 45.9% gnorm 1.773 lr 5.98e-04 tok 14896 7.0s/step [data 3ms fwd 316ms bwd+opt 6659ms T=22896 passes=12]
[step 400/5000] loss 2.1849 acc 39.6% gnorm 1.844 lr 5.98e-04 tok 12113 6.8s/step [data 3ms fwd 274ms bwd+opt 6478ms T=20128 passes=10]
[step 425/5000] loss 2.0444 acc 42.3% gnorm 1.750 lr 5.97e-04 tok 7487 7.3s/step [data 3ms fwd 214ms bwd+opt 7054ms T=15488 passes=8]
[step 450/5000] loss 1.6042 acc 58.6% gnorm 1.914 lr 5.96e-04 tok 16515 7.0s/step [data 3ms fwd 333ms bwd+opt 6662ms T=24528 passes=12]
[step 475/5000] loss 2.0017 acc 45.6% gnorm 1.195 lr 5.95e-04 tok 19317 7.0s/step [data 3ms fwd 371ms bwd+opt 6585ms T=27328 passes=14]
[step 500/5000] loss 1.7505 acc 47.1% gnorm 1.406 lr 5.94e-04 tok 14124 7.6s/step [data 2ms fwd 301ms bwd+opt 7309ms T=22128 passes=11]
[val 500] loss 1.6947 acc 50.1% eos 15.6%
[val 500] NEW BEST val_loss 1.6947 -> best_val.pt
[step 525/5000] loss 1.7421 acc 49.2% gnorm 1.758 lr 5.93e-04 tok 8530 7.4s/step [data 3ms fwd 233ms bwd+opt 7208ms T=16544 passes=9]
[step 550/5000] loss 1.7212 acc 54.7% gnorm 2.000 lr 5.92e-04 tok 8862 7.2s/step [data 2ms fwd 235ms bwd+opt 6960ms T=16864 passes=9]
[step 575/5000] loss 1.9268 acc 44.8% gnorm 1.414 lr 5.91e-04 tok 13570 6.9s/step [data 3ms fwd 295ms bwd+opt 6593ms T=21584 passes=11]
[step 600/5000] loss 2.2484 acc 37.7% gnorm 1.492 lr 5.90e-04 tok 9973 7.0s/step [data 3ms fwd 247ms bwd+opt 6763ms T=17984 passes=9]
[step 625/5000] loss 1.9594 acc 40.7% gnorm 1.352 lr 5.89e-04 tok 8726 6.9s/step [data 3ms fwd 234ms bwd+opt 6668ms T=16736 passes=9]
[step 650/5000] loss 1.7341 acc 49.6% gnorm 1.375 lr 5.87e-04 tok 13412 7.5s/step [data 2ms fwd 295ms bwd+opt 7193ms T=21424 passes=11]
[step 675/5000] loss 1.6638 acc 53.3% gnorm 1.391 lr 5.86e-04 tok 7750 7.2s/step [data 2ms fwd 218ms bwd+opt 6971ms T=15760 passes=8]
[step 700/5000] loss 1.7581 acc 44.7% gnorm 1.914 lr 5.84e-04 tok 9615 7.3s/step [data 2ms fwd 242ms bwd+opt 7007ms T=17616 passes=9]
[step 725/5000] loss 1.9023 acc 45.6% gnorm 1.164 lr 5.83e-04 tok 9532 6.9s/step [data 2ms fwd 240ms bwd+opt 6707ms T=17536 passes=9]
[step 750/5000] loss 1.5752 acc 51.8% gnorm 1.047 lr 5.81e-04 tok 7406 6.8s/step [data 2ms fwd 212ms bwd+opt 6621ms T=15408 passes=8]
[step 775/5000] loss 1.9041 acc 44.0% gnorm 1.336 lr 5.79e-04 tok 5881 7.1s/step [data 2ms fwd 193ms bwd+opt 6897ms T=13888 passes=7]
[step 800/5000] loss 1.7947 acc 44.2% gnorm 0.957 lr 5.78e-04 tok 13838 7.8s/step [data 3ms fwd 299ms bwd+opt 7503ms T=21840 passes=11]
[step 825/5000] loss 1.4095 acc 55.9% gnorm 1.039 lr 5.76e-04 tok 10010 7.5s/step [data 3ms fwd 249ms bwd+opt 7292ms T=18016 passes=9]
[step 850/5000] loss 1.6735 acc 48.6% gnorm 1.445 lr 5.74e-04 tok 9790 6.9s/step [data 3ms fwd 260ms bwd+opt 6619ms T=17792 passes=9]
[step 875/5000] loss 1.4594 acc 55.9% gnorm 1.180 lr 5.72e-04 tok 23114 8.4s/step [data 3ms fwd 425ms bwd+opt 7969ms T=31120 passes=16]
[step 900/5000] loss 1.9959 acc 40.2% gnorm 1.281 lr 5.70e-04 tok 9921 7.3s/step [data 3ms fwd 245ms bwd+opt 7096ms T=17936 passes=9]
[step 925/5000] loss 1.8733 acc 42.8% gnorm 1.500 lr 5.67e-04 tok 9128 7.4s/step [data 2ms fwd 238ms bwd+opt 7138ms T=17136 passes=9]
[step 950/5000] loss 1.4610 acc 57.3% gnorm 1.078 lr 5.65e-04 tok 13992 7.1s/step [data 3ms fwd 300ms bwd+opt 6759ms T=22000 passes=11]
[step 975/5000] loss 1.4394 acc 59.5% gnorm 1.406 lr 5.63e-04 tok 6227 7.3s/step [data 3ms fwd 193ms bwd+opt 7085ms T=14240 passes=7]
[step 1000/5000] loss 1.5975 acc 51.2% gnorm 0.820 lr 5.61e-04 tok 15090 7.6s/step [data 3ms fwd 317ms bwd+opt 7255ms T=23104 passes=12]
[val 1000] loss 1.5395 acc 53.1% eos 23.4%
[val 1000] NEW BEST val_loss 1.5395 -> best_val.pt
[step 1025/5000] loss 1.9805 acc 40.9% gnorm 1.203 lr 5.58e-04 tok 9206 8.0s/step [data 3ms fwd 242ms bwd+opt 7775ms T=17216 passes=9]
[step 1050/5000] loss 1.6309 acc 52.2% gnorm 1.023 lr 5.56e-04 tok 10956 6.7s/step [data 2ms fwd 263ms bwd+opt 6415ms T=18960 passes=10]
[step 1075/5000] loss 1.5646 acc 52.4% gnorm 0.984 lr 5.53e-04 tok 10502 7.1s/step [data 3ms fwd 263ms bwd+opt 6851ms T=18512 passes=10]
[step 1100/5000] loss 1.9120 acc 43.3% gnorm 1.086 lr 5.50e-04 tok 6237 6.7s/step [data 2ms fwd 199ms bwd+opt 6543ms T=14240 passes=7]
[step 1125/5000] loss 1.5944 acc 50.5% gnorm 1.266 lr 5.48e-04 tok 18732 7.3s/step [data 2ms fwd 369ms bwd+opt 6976ms T=26736 passes=14]
[step 1150/5000] loss 1.3872 acc 61.8% gnorm 1.344 lr 5.45e-04 tok 8542 8.1s/step [data 3ms fwd 236ms bwd+opt 7818ms T=16544 passes=9]
[step 1175/5000] loss 1.6799 acc 49.9% gnorm 1.141 lr 5.42e-04 tok 14704 7.2s/step [data 3ms fwd 316ms bwd+opt 6855ms T=22704 passes=12]
[step 1200/5000] loss 1.4346 acc 55.6% gnorm 0.797 lr 5.39e-04 tok 15405 7.5s/step [data 3ms fwd 319ms bwd+opt 7187ms T=23408 passes=12]
[step 1225/5000] loss 1.6599 acc 52.4% gnorm 1.172 lr 5.36e-04 tok 12787 7.1s/step [data 3ms fwd 289ms bwd+opt 6798ms T=20800 passes=11]
[step 1250/5000] loss 1.9141 acc 43.8% gnorm 1.070 lr 5.33e-04 tok 7325 7.3s/step [data 3ms fwd 215ms bwd+opt 7067ms T=15328 passes=8]
[step 1275/5000] loss 1.7366 acc 47.2% gnorm 1.016 lr 5.30e-04 tok 6199 7.6s/step [data 3ms fwd 196ms bwd+opt 7424ms T=14208 passes=7]
[step 1300/5000] loss 1.7656 acc 47.8% gnorm 3.266 lr 5.27e-04 tok 13252 7.0s/step [data 5ms fwd 292ms bwd+opt 6726ms T=21264 passes=11]
[step 1325/5000] loss 1.3007 acc 60.6% gnorm 0.914 lr 5.24e-04 tok 13059 7.8s/step [data 3ms fwd 291ms bwd+opt 7497ms T=21072 passes=11]
[step 1350/5000] loss 1.7704 acc 48.6% gnorm 1.094 lr 5.20e-04 tok 7845 6.8s/step [data 3ms fwd 218ms bwd+opt 6597ms T=15856 passes=8]
[step 1375/5000] loss 1.1636 acc 65.7% gnorm 1.172 lr 5.17e-04 tok 18407 7.5s/step [data 3ms fwd 359ms bwd+opt 7136ms T=26416 passes=13]
[step 1400/5000] loss 1.5107 acc 53.4% gnorm 0.727 lr 5.14e-04 tok 13872 6.8s/step [data 2ms fwd 299ms bwd+opt 6455ms T=21872 passes=11]
[step 1425/5000] loss 0.8188 acc 76.2% gnorm 0.895 lr 5.10e-04 tok 23742 7.5s/step [data 3ms fwd 430ms bwd+opt 7051ms T=31744 passes=16]
[step 1450/5000] loss 1.3414 acc 56.4% gnorm 1.320 lr 5.07e-04 tok 9507 6.7s/step [data 3ms fwd 241ms bwd+opt 6487ms T=17520 passes=9]
[step 1475/5000] loss 1.2234 acc 61.3% gnorm 1.531 lr 5.03e-04 tok 15169 7.5s/step [data 4ms fwd 316ms bwd+opt 7229ms T=23184 passes=12]
[step 1500/5000] loss 1.7255 acc 48.1% gnorm 0.828 lr 5.00e-04 tok 10952 7.4s/step [data 3ms fwd 263ms bwd+opt 7102ms T=18960 passes=10]
[val 1500] loss 1.4474 acc 55.4% eos 21.9%
[val 1500] NEW BEST val_loss 1.4474 -> best_val.pt
[step 1525/5000] loss 1.3303 acc 58.1% gnorm 1.125 lr 4.96e-04 tok 15209 8.0s/step [data 2ms fwd 316ms bwd+opt 7699ms T=23216 passes=12]
[step 1550/5000] loss 1.6721 acc 45.7% gnorm 0.945 lr 4.92e-04 tok 10918 6.7s/step [data 2ms fwd 262ms bwd+opt 6416ms T=18928 passes=10]
[step 1575/5000] loss 1.4869 acc 52.8% gnorm 3.000 lr 4.89e-04 tok 9272 7.0s/step [data 3ms fwd 238ms bwd+opt 6755ms T=17280 passes=9]
[step 1600/5000] loss 1.4380 acc 56.1% gnorm 1.227 lr 4.85e-04 tok 7215 6.8s/step [data 5ms fwd 211ms bwd+opt 6616ms T=15216 passes=8]
[step 1625/5000] loss 0.9810 acc 73.4% gnorm 0.836 lr 4.81e-04 tok 12730 6.9s/step [data 3ms fwd 289ms bwd+opt 6653ms T=20736 passes=11]
[step 1650/5000] loss 1.7914 acc 44.1% gnorm 0.840 lr 4.77e-04 tok 16048 7.1s/step [data 2ms fwd 327ms bwd+opt 6732ms T=24048 passes=12]
[step 1675/5000] loss 1.1218 acc 64.2% gnorm 0.875 lr 4.73e-04 tok 10333 6.7s/step [data 3ms fwd 249ms bwd+opt 6422ms T=18336 passes=9]
[step 1700/5000] loss 1.2941 acc 62.5% gnorm 1.242 lr 4.69e-04 tok 11000 6.6s/step [data 3ms fwd 264ms bwd+opt 6316ms T=19008 passes=10]
[step 1725/5000] loss 1.0249 acc 70.8% gnorm 0.973 lr 4.65e-04 tok 4603 7.4s/step [data 3ms fwd 183ms bwd+opt 7260ms T=12608 passes=7]
[step 1750/5000] loss 1.5933 acc 48.1% gnorm 0.852 lr 4.61e-04 tok 8444 6.9s/step [data 3ms fwd 235ms bwd+opt 6666ms T=16448 passes=9]
[step 1775/5000] loss 1.4376 acc 53.9% gnorm 1.094 lr 4.57e-04 tok 10675 6.6s/step [data 3ms fwd 260ms bwd+opt 6364ms T=18688 passes=10]
[step 1800/5000] loss 1.5147 acc 52.9% gnorm 0.949 lr 4.53e-04 tok 6593 6.5s/step [data 3ms fwd 205ms bwd+opt 6293ms T=14608 passes=8]
[step 1825/5000] loss 1.1973 acc 61.9% gnorm 0.996 lr 4.48e-04 tok 14182 7.0s/step [data 3ms fwd 300ms bwd+opt 6714ms T=22192 passes=11]
[step 1850/5000] loss 1.2372 acc 63.4% gnorm 1.047 lr 4.44e-04 tok 4826 6.5s/step [data 2ms fwd 182ms bwd+opt 6270ms T=12832 passes=7]
[step 1875/5000] loss 1.9463 acc 39.5% gnorm 0.883 lr 4.40e-04 tok 10285 7.0s/step [data 3ms fwd 250ms bwd+opt 6710ms T=18288 passes=9]
[step 1900/5000] loss 1.2854 acc 60.8% gnorm 0.953 lr 4.36e-04 tok 14580 7.1s/step [data 3ms fwd 317ms bwd+opt 6785ms T=22592 passes=12]
[step 1925/5000] loss 1.6887 acc 46.1% gnorm 0.750 lr 4.31e-04 tok 12221 6.8s/step [data 3ms fwd 276ms bwd+opt 6528ms T=20224 passes=10]
[step 1950/5000] loss 0.9566 acc 69.7% gnorm 1.117 lr 4.27e-04 tok 13211 7.1s/step [data 3ms fwd 292ms bwd+opt 6816ms T=21216 passes=11]
[step 1975/5000] loss 1.3976 acc 57.1% gnorm 0.820 lr 4.23e-04 tok 11274 7.1s/step [data 3ms fwd 265ms bwd+opt 6817ms T=19280 passes=10]
[step 2000/5000] loss 1.9147 acc 39.1% gnorm 1.352 lr 4.18e-04 tok 8055 7.1s/step [data 2ms fwd 224ms bwd+opt 6825ms T=16064 passes=8]
[val 2000] loss 1.4133 acc 56.0% eos 42.2%
[val 2000] NEW BEST val_loss 1.4133 -> best_val.pt
[step 2025/5000] loss 0.9777 acc 71.5% gnorm 0.977 lr 4.14e-04 tok 8844 8.0s/step [data 4ms fwd 243ms bwd+opt 7776ms T=16848 passes=9]
[step 2050/5000] loss 1.7568 acc 47.2% gnorm 0.945 lr 4.09e-04 tok 16131 7.6s/step [data 3ms fwd 330ms bwd+opt 7274ms T=24144 passes=12]
[step 2075/5000] loss 1.3886 acc 58.2% gnorm 0.773 lr 4.05e-04 tok 9304 6.9s/step [data 2ms fwd 240ms bwd+opt 6674ms T=17312 passes=9]
[step 2100/5000] loss 1.3440 acc 57.1% gnorm 0.941 lr 4.00e-04 tok 10700 7.0s/step [data 2ms fwd 266ms bwd+opt 6691ms T=18704 passes=10]
[step 2125/5000] loss 1.7475 acc 48.3% gnorm 1.164 lr 3.95e-04 tok 10952 7.2s/step [data 3ms fwd 268ms bwd+opt 6966ms T=18960 passes=10]
[step 2150/5000] loss 0.8475 acc 77.0% gnorm 0.746 lr 3.91e-04 tok 12032 6.3s/step [data 6ms fwd 275ms bwd+opt 5992ms T=20032 passes=10]
[step 2175/5000] loss 1.4701 acc 54.3% gnorm 0.910 lr 3.86e-04 tok 5971 7.2s/step [data 3ms fwd 198ms bwd+opt 7007ms T=13984 passes=7]
[step 2200/5000] loss 1.7896 acc 44.8% gnorm 0.883 lr 3.82e-04 tok 16411 6.9s/step [data 3ms fwd 333ms bwd+opt 6566ms T=24416 passes=12]
[step 2225/5000] loss 1.1758 acc 62.2% gnorm 1.133 lr 3.77e-04 tok 11547 7.0s/step [data 5ms fwd 272ms bwd+opt 6711ms T=19552 passes=10]
[step 2250/5000] loss 1.3501 acc 59.1% gnorm 0.801 lr 3.72e-04 tok 18658 7.2s/step [data 3ms fwd 373ms bwd+opt 6843ms T=26672 passes=14]
[step 2275/5000] loss 1.4529 acc 55.6% gnorm 0.875 lr 3.67e-04 tok 9269 7.9s/step [data 4ms fwd 246ms bwd+opt 7644ms T=17280 passes=9]
[step 2300/5000] loss 1.2628 acc 61.2% gnorm 0.961 lr 3.63e-04 tok 20301 7.7s/step [data 6ms fwd 388ms bwd+opt 7307ms T=28304 passes=14]
[step 2325/5000] loss 1.4267 acc 55.6% gnorm 0.977 lr 3.58e-04 tok 20901 7.7s/step [data 4ms fwd 407ms bwd+opt 7253ms T=28912 passes=15]
[step 2350/5000] loss 0.8621 acc 75.8% gnorm 0.727 lr 3.53e-04 tok 13693 8.5s/step [data 3ms fwd 305ms bwd+opt 8214ms T=21696 passes=11]
[step 2375/5000] loss 1.7865 acc 45.4% gnorm 1.016 lr 3.48e-04 tok 15437 7.2s/step [data 3ms fwd 325ms bwd+opt 6914ms T=23440 passes=12]
[step 2400/5000] loss 1.3823 acc 57.1% gnorm 1.031 lr 3.44e-04 tok 12282 7.9s/step [data 3ms fwd 278ms bwd+opt 7618ms T=20288 passes=10]
[step 2425/5000] loss 1.0330 acc 69.0% gnorm 0.652 lr 3.39e-04 tok 11207 7.9s/step [data 4ms fwd 270ms bwd+opt 7630ms T=19216 passes=10]
[step 2450/5000] loss 0.7943 acc 77.0% gnorm 0.723 lr 3.34e-04 tok 20423 7.0s/step [data 3ms fwd 387ms bwd+opt 6642ms T=28432 passes=14]
[step 2475/5000] loss 1.4522 acc 55.4% gnorm 0.793 lr 3.29e-04 tok 9559 7.6s/step [data 4ms fwd 246ms bwd+opt 7390ms T=17568 passes=9]
[step 2500/5000] loss 0.8954 acc 72.1% gnorm 0.938 lr 3.24e-04 tok 7506 7.0s/step [data 2ms fwd 216ms bwd+opt 6820ms T=15520 passes=8]
[val 2500] loss 1.4069 acc 55.8% eos 35.9%
[val 2500] NEW BEST val_loss 1.4069 -> best_val.pt
[step 2525/5000] loss 1.1503 acc 62.3% gnorm 1.055 lr 3.20e-04 tok 16799 7.6s/step [data 3ms fwd 345ms bwd+opt 7245ms T=24800 passes=13]
[step 2550/5000] loss 0.9327 acc 72.1% gnorm 0.652 lr 3.15e-04 tok 7078 7.4s/step [data 3ms fwd 210ms bwd+opt 7150ms T=15088 passes=8]
[step 2575/5000] loss 1.4033 acc 54.8% gnorm 0.949 lr 3.10e-04 tok 11031 7.3s/step [data 2ms fwd 263ms bwd+opt 7019ms T=19040 passes=10]
[step 2600/5000] loss 1.3535 acc 56.7% gnorm 1.156 lr 3.05e-04 tok 12081 7.2s/step [data 3ms fwd 274ms bwd+opt 6877ms T=20096 passes=10]
[step 2625/5000] loss 1.3792 acc 59.9% gnorm 0.789 lr 3.00e-04 tok 8701 7.1s/step [data 3ms fwd 235ms bwd+opt 6817ms T=16704 passes=9]
[step 2650/5000] loss 1.4438 acc 55.3% gnorm 0.980 lr 2.96e-04 tok 7914 6.5s/step [data 3ms fwd 218ms bwd+opt 6298ms T=15920 passes=8]
[step 2675/5000] loss 1.4830 acc 51.6% gnorm 0.609 lr 2.91e-04 tok 14063 7.1s/step [data 4ms fwd 299ms bwd+opt 6759ms T=22064 passes=11]
[step 2700/5000] loss 1.3882 acc 58.2% gnorm 0.902 lr 2.86e-04 tok 5727 7.4s/step [data 2ms fwd 192ms bwd+opt 7238ms T=13728 passes=7]
[step 2725/5000] loss 1.1201 acc 63.6% gnorm 0.695 lr 2.81e-04 tok 24089 6.6s/step [data 2ms fwd 433ms bwd+opt 6185ms T=32096 passes=16]
[step 2750/5000] loss 1.5197 acc 50.8% gnorm 0.602 lr 2.76e-04 tok 10996 7.1s/step [data 3ms fwd 261ms bwd+opt 6854ms T=19008 passes=10]
[step 2775/5000] loss 1.0233 acc 68.8% gnorm 0.695 lr 2.71e-04 tok 13826 6.7s/step [data 3ms fwd 300ms bwd+opt 6425ms T=21840 passes=11]
[step 2800/5000] loss 0.5477 acc 86.1% gnorm 0.645 lr 2.67e-04 tok 16034 8.0s/step [data 2ms fwd 326ms bwd+opt 7691ms T=24048 passes=12]
[step 2825/5000] loss 0.9310 acc 72.2% gnorm 0.855 lr 2.62e-04 tok 6619 6.9s/step [data 2ms fwd 208ms bwd+opt 6669ms T=14624 passes=8]
[step 2850/5000] loss 1.6962 acc 45.6% gnorm 1.156 lr 2.57e-04 tok 5887 7.2s/step [data 3ms fwd 193ms bwd+opt 7054ms T=13888 passes=7]
[step 2875/5000] loss 0.8212 acc 74.2% gnorm 0.750 lr 2.52e-04 tok 7272 7.3s/step [data 3ms fwd 219ms bwd+opt 7126ms T=15280 passes=8]
[step 2900/5000] loss 0.1058 acc 100.0% gnorm 10.938 lr 2.48e-04 tok 32 7.7s/step [data 3ms fwd 121ms bwd+opt 7572ms T=8032 passes=4]
[step 2925/5000] loss 0.8015 acc 74.2% gnorm 0.551 lr 2.43e-04 tok 10948 7.2s/step [data 3ms fwd 263ms bwd+opt 6965ms T=18960 passes=10]
[step 2950/5000] loss 1.0425 acc 65.8% gnorm 0.629 lr 2.38e-04 tok 22837 7.5s/step [data 3ms fwd 424ms bwd+opt 7040ms T=30848 passes=16]
[step 2975/5000] loss 1.1968 acc 62.7% gnorm 0.699 lr 2.34e-04 tok 19735 7.4s/step [data 2ms fwd 375ms bwd+opt 6979ms T=27744 passes=14]
[step 3000/5000] loss 1.0873 acc 68.1% gnorm 0.586 lr 2.29e-04 tok 11708 6.9s/step [data 2ms fwd 268ms bwd+opt 6643ms T=19712 passes=10]
[val 3000] loss 1.4074 acc 56.4% eos 35.9%
[step 3025/5000] loss 1.4048 acc 58.1% gnorm 0.836 lr 2.24e-04 tok 6949 7.8s/step [data 3ms fwd 212ms bwd+opt 7583ms T=14960 passes=8]
[step 3050/5000] loss 1.4790 acc 51.5% gnorm 0.645 lr 2.20e-04 tok 15000 6.9s/step [data 2ms fwd 315ms bwd+opt 6580ms T=23008 passes=12]
[step 3075/5000] loss 1.4334 acc 52.4% gnorm 0.832 lr 2.15e-04 tok 10587 7.3s/step [data 5ms fwd 261ms bwd+opt 6998ms T=18592 passes=10]
[step 3100/5000] loss 1.2710 acc 57.7% gnorm 0.520 lr 2.10e-04 tok 8253 7.1s/step [data 3ms fwd 222ms bwd+opt 6890ms T=16256 passes=8]
[step 3125/5000] loss 1.2814 acc 59.0% gnorm 0.613 lr 2.06e-04 tok 12013 6.5s/step [data 6ms fwd 273ms bwd+opt 6178ms T=20016 passes=10]
[step 3150/5000] loss 1.1665 acc 62.2% gnorm 0.824 lr 2.01e-04 tok 12023 7.2s/step [data 2ms fwd 274ms bwd+opt 6885ms T=20032 passes=10]
[step 3175/5000] loss 1.5290 acc 52.9% gnorm 0.895 lr 1.97e-04 tok 10845 7.2s/step [data 3ms fwd 262ms bwd+opt 6888ms T=18848 passes=10]
[step 3200/5000] loss 1.4204 acc 52.5% gnorm 0.625 lr 1.92e-04 tok 14065 7.2s/step [data 2ms fwd 301ms bwd+opt 6944ms T=22080 passes=11]
[step 3225/5000] loss 1.1877 acc 63.4% gnorm 1.086 lr 1.88e-04 tok 6503 6.8s/step [data 2ms fwd 208ms bwd+opt 6559ms T=14512 passes=8]
[step 3250/5000] loss 0.5805 acc 82.8% gnorm 0.938 lr 1.83e-04 tok 3634 6.7s/step [data 3ms fwd 164ms bwd+opt 6485ms T=11648 passes=6]
[step 3275/5000] loss 1.3599 acc 54.8% gnorm 0.715 lr 1.79e-04 tok 14178 7.0s/step [data 3ms fwd 301ms bwd+opt 6666ms T=22192 passes=11]
[step 3300/5000] loss 0.9440 acc 71.0% gnorm 0.555 lr 1.75e-04 tok 14444 7.6s/step [data 3ms fwd 305ms bwd+opt 7262ms T=22448 passes=11]
[step 3325/5000] loss 1.1605 acc 63.2% gnorm 0.477 lr 1.70e-04 tok 21522 7.5s/step [data 3ms fwd 401ms bwd+opt 7091ms T=29536 passes=15]
[step 3350/5000] loss 1.3941 acc 56.0% gnorm 0.570 lr 1.66e-04 tok 12788 6.8s/step [data 3ms fwd 288ms bwd+opt 6492ms T=20800 passes=11]
[step 3375/5000] loss 1.4361 acc 54.6% gnorm 0.840 lr 1.62e-04 tok 7651 7.6s/step [data 3ms fwd 215ms bwd+opt 7344ms T=15664 passes=8]
[step 3400/5000] loss 1.3074 acc 56.0% gnorm 0.531 lr 1.58e-04 tok 14340 6.6s/step [data 2ms fwd 303ms bwd+opt 6303ms T=22352 passes=11]
[step 3425/5000] loss 1.5027 acc 51.7% gnorm 0.699 lr 1.54e-04 tok 7738 6.9s/step [data 2ms fwd 219ms bwd+opt 6677ms T=15744 passes=8]
[step 3450/5000] loss 1.6121 acc 49.4% gnorm 0.629 lr 1.49e-04 tok 16328 7.0s/step [data 6ms fwd 329ms bwd+opt 6700ms T=24336 passes=12]
[step 3475/5000] loss 1.3798 acc 56.9% gnorm 0.621 lr 1.45e-04 tok 16238 7.0s/step [data 2ms fwd 329ms bwd+opt 6628ms T=24240 passes=12]
[step 3500/5000] loss 0.9320 acc 71.8% gnorm 0.750 lr 1.41e-04 tok 6920 7.2s/step [data 3ms fwd 207ms bwd+opt 7023ms T=14928 passes=8]
[val 3500] loss 1.4025 acc 56.5% eos 37.5%
[val 3500] NEW BEST val_loss 1.4025 -> best_val.pt
[step 3525/5000] loss 0.5135 acc 84.0% gnorm 0.375 lr 1.37e-04 tok 23523 8.3s/step [data 3ms fwd 427ms bwd+opt 7859ms T=31536 passes=16]
[step 3550/5000] loss 0.7262 acc 79.1% gnorm 0.594 lr 1.33e-04 tok 12480 6.9s/step [data 3ms fwd 287ms bwd+opt 6612ms T=20480 passes=11]
[step 3575/5000] loss 1.3596 acc 62.0% gnorm 0.922 lr 1.29e-04 tok 8901 7.2s/step [data 3ms fwd 235ms bwd+opt 6965ms T=16912 passes=9]
[step 3600/5000] loss 1.4703 acc 52.7% gnorm 0.730 lr 1.26e-04 tok 8159 7.1s/step [data 3ms fwd 222ms bwd+opt 6914ms T=16160 passes=8]
[step 3625/5000] loss 1.2460 acc 60.6% gnorm 0.494 lr 1.22e-04 tok 19302 7.4s/step [data 2ms fwd 371ms bwd+opt 7043ms T=27312 passes=14]
[step 3650/5000] loss 1.4022 acc 57.6% gnorm 0.930 lr 1.18e-04 tok 4452 7.2s/step [data 2ms fwd 180ms bwd+opt 7000ms T=12464 passes=7]
[step 3675/5000] loss 1.5803 acc 51.5% gnorm 0.770 lr 1.14e-04 tok 10536 7.2s/step [data 2ms fwd 420ms bwd+opt 6758ms T=18544 passes=10]
[step 3700/5000] loss 1.1271 acc 62.4% gnorm 0.637 lr 1.11e-04 tok 7905 6.6s/step [data 2ms fwd 219ms bwd+opt 6349ms T=15920 passes=8]
[step 3725/5000] loss 1.2900 acc 58.3% gnorm 0.730 lr 1.07e-04 tok 6161 6.9s/step [data 4ms fwd 195ms bwd+opt 6718ms T=14176 passes=7]
[step 3750/5000] loss 1.4617 acc 53.2% gnorm 0.660 lr 1.03e-04 tok 6791 7.2s/step [data 2ms fwd 208ms bwd+opt 7000ms T=14800 passes=8]
[step 3775/5000] loss 0.6476 acc 79.7% gnorm 0.562 lr 1.00e-04 tok 7517 6.3s/step [data 2ms fwd 215ms bwd+opt 6051ms T=15520 passes=8]
[step 3800/5000] loss 0.4944 acc 86.9% gnorm 0.449 lr 9.65e-05 tok 16973 7.0s/step [data 2ms fwd 343ms bwd+opt 6684ms T=24976 passes=13]
[step 3825/5000] loss 0.9219 acc 70.2% gnorm 0.527 lr 9.32e-05 tok 11110 7.0s/step [data 2ms fwd 264ms bwd+opt 6769ms T=19120 passes=10]
[step 3850/5000] loss 1.1995 acc 59.9% gnorm 0.479 lr 8.98e-05 tok 17871 7.2s/step [data 2ms fwd 353ms bwd+opt 6835ms T=25872 passes=13]
[step 3875/5000] loss 1.1051 acc 64.8% gnorm 0.508 lr 8.65e-05 tok 12761 7.3s/step [data 3ms fwd 288ms bwd+opt 7012ms T=20768 passes=11]
[step 3900/5000] loss 0.7413 acc 76.7% gnorm 0.508 lr 8.33e-05 tok 13324 7.6s/step [data 3ms fwd 292ms bwd+opt 7326ms T=21328 passes=11]
[step 3925/5000] loss 1.3653 acc 54.7% gnorm 0.477 lr 8.02e-05 tok 19113 7.0s/step [data 3ms fwd 372ms bwd+opt 6622ms T=27120 passes=14]
[step 3950/5000] loss 0.9091 acc 70.8% gnorm 0.473 lr 7.71e-05 tok 11278 7.0s/step [data 3ms fwd 265ms bwd+opt 6760ms T=19280 passes=10]
[step 3975/5000] loss 1.0950 acc 66.2% gnorm 0.586 lr 7.41e-05 tok 10144 6.9s/step [data 3ms fwd 249ms bwd+opt 6698ms T=18144 passes=9]
[step 4000/5000] loss 1.0520 acc 66.8% gnorm 0.730 lr 7.11e-05 tok 7195 6.9s/step [data 3ms fwd 210ms bwd+opt 6711ms T=15200 passes=8]
[val 4000] loss 1.3994 acc 56.6% eos 32.8%
[val 4000] NEW BEST val_loss 1.3994 -> best_val.pt
[step 4025/5000] loss 0.3150 acc 92.3% gnorm 0.449 lr 6.82e-05 tok 10044 8.3s/step [data 2ms fwd 247ms bwd+opt 8095ms T=18048 passes=9]
[step 4050/5000] loss 1.2237 acc 60.6% gnorm 0.629 lr 6.53e-05 tok 12126 7.2s/step [data 3ms fwd 276ms bwd+opt 6907ms T=20128 passes=10]
[step 4075/5000] loss 0.8118 acc 74.3% gnorm 0.617 lr 6.25e-05 tok 7424 7.4s/step [data 3ms fwd 214ms bwd+opt 7205ms T=15424 passes=8]
[step 4100/5000] loss 0.6364 acc 80.1% gnorm 0.490 lr 5.98e-05 tok 7506 6.6s/step [data 3ms fwd 215ms bwd+opt 6374ms T=15520 passes=8]
[step 4125/5000] loss 1.2570 acc 61.5% gnorm 0.809 lr 5.72e-05 tok 4753 6.7s/step [data 2ms fwd 181ms bwd+opt 6470ms T=12768 passes=7]
[step 4150/5000] loss 1.2741 acc 61.5% gnorm 0.695 lr 5.46e-05 tok 7233 6.5s/step [data 2ms fwd 212ms bwd+opt 6274ms T=15248 passes=8]
[step 4175/5000] loss 1.0004 acc 68.5% gnorm 0.664 lr 5.21e-05 tok 5827 7.7s/step [data 2ms fwd 193ms bwd+opt 7487ms T=13840 passes=7]
[step 4200/5000] loss 0.9410 acc 68.8% gnorm 0.426 lr 4.96e-05 tok 15136 6.9s/step [data 3ms fwd 317ms bwd+opt 6625ms T=23136 passes=12]
[step 4225/5000] loss 0.7946 acc 74.7% gnorm 0.504 lr 4.72e-05 tok 12998 7.4s/step [data 3ms fwd 291ms bwd+opt 7065ms T=21008 passes=11]
[step 4250/5000] loss 0.9284 acc 70.9% gnorm 0.508 lr 4.49e-05 tok 11282 7.4s/step [data 3ms fwd 269ms bwd+opt 7120ms T=19296 passes=10]
[step 4275/5000] loss 0.9257 acc 69.4% gnorm 0.543 lr 4.27e-05 tok 14180 7.0s/step [data 3ms fwd 302ms bwd+opt 6711ms T=22192 passes=11]
[step 4300/5000] loss 0.4557 acc 86.9% gnorm 0.590 lr 4.05e-05 tok 4806 7.4s/step [data 3ms fwd 181ms bwd+opt 7233ms T=12816 passes=7]
[step 4325/5000] loss 1.1650 acc 64.8% gnorm 0.648 lr 3.84e-05 tok 9792 7.6s/step [data 3ms fwd 243ms bwd+opt 7348ms T=17792 passes=9]
[step 4350/5000] loss 1.4019 acc 56.7% gnorm 0.754 lr 3.64e-05 tok 9587 6.9s/step [data 3ms fwd 241ms bwd+opt 6624ms T=17600 passes=9]
[step 4375/5000] loss 0.9560 acc 69.5% gnorm 0.617 lr 3.44e-05 tok 14260 7.1s/step [data 3ms fwd 301ms bwd+opt 6818ms T=22272 passes=11]
[step 4400/5000] loss 0.7835 acc 75.8% gnorm 0.391 lr 3.25e-05 tok 17050 6.7s/step [data 3ms fwd 344ms bwd+opt 6329ms T=25056 passes=13]
[step 4425/5000] loss 1.2223 acc 60.7% gnorm 0.555 lr 3.07e-05 tok 8982 6.7s/step [data 3ms fwd 237ms bwd+opt 6459ms T=16992 passes=9]
[step 4450/5000] loss 1.2277 acc 60.7% gnorm 0.574 lr 2.90e-05 tok 8793 6.8s/step [data 5ms fwd 236ms bwd+opt 6599ms T=16800 passes=9]
[step 4475/5000] loss 1.3781 acc 57.1% gnorm 0.547 lr 2.73e-05 tok 11856 7.4s/step [data 3ms fwd 273ms bwd+opt 7117ms T=19856 passes=10]
[step 4500/5000] loss 1.2452 acc 62.4% gnorm 0.645 lr 2.57e-05 tok 7273 6.9s/step [data 3ms fwd 211ms bwd+opt 6683ms T=15280 passes=8]
[val 4500] loss 1.4008 acc 56.6% eos 29.7%
[step 4525/5000] loss 0.7437 acc 76.7% gnorm 0.523 lr 2.42e-05 tok 7869 8.2s/step [data 3ms fwd 219ms bwd+opt 7972ms T=15872 passes=8]
[step 4550/5000] loss 0.5372 acc 84.9% gnorm 0.602 lr 2.28e-05 tok 8752 7.1s/step [data 3ms fwd 235ms bwd+opt 6911ms T=16752 passes=9]
[step 4575/5000] loss 0.8884 acc 72.6% gnorm 0.539 lr 2.14e-05 tok 8558 7.9s/step [data 3ms fwd 233ms bwd+opt 7629ms T=16560 passes=9]
[step 4600/5000] loss 0.7930 acc 75.5% gnorm 0.404 lr 2.01e-05 tok 17366 6.7s/step [data 2ms fwd 346ms bwd+opt 6393ms T=25376 passes=13]
[step 4625/5000] loss 1.3800 acc 53.6% gnorm 0.762 lr 1.89e-05 tok 7064 7.3s/step [data 2ms fwd 210ms bwd+opt 7074ms T=15072 passes=8]
[step 4650/5000] loss 0.5601 acc 82.9% gnorm 0.443 lr 1.78e-05 tok 7360 7.1s/step [data 2ms fwd 212ms bwd+opt 6871ms T=15360 passes=8]
[step 4675/5000] loss 0.7933 acc 77.0% gnorm 0.699 lr 1.67e-05 tok 6185 7.4s/step [data 3ms fwd 198ms bwd+opt 7234ms T=14192 passes=7]
[step 4700/5000] loss 1.3388 acc 58.0% gnorm 0.574 lr 1.57e-05 tok 14305 7.4s/step [data 3ms fwd 303ms bwd+opt 7127ms T=22320 passes=11]
[step 4725/5000] loss 0.9465 acc 70.2% gnorm 0.527 lr 1.48e-05 tok 11978 7.7s/step [data 3ms fwd 275ms bwd+opt 7402ms T=19984 passes=10]
[step 4750/5000] loss 1.4013 acc 56.6% gnorm 0.602 lr 1.40e-05 tok 13136 6.8s/step [data 3ms fwd 289ms bwd+opt 6476ms T=21136 passes=11]
[step 4775/5000] loss 0.8592 acc 73.1% gnorm 0.516 lr 1.32e-05 tok 8981 7.3s/step [data 3ms fwd 235ms bwd+opt 7109ms T=16992 passes=9]
[step 4800/5000] loss 0.5902 acc 82.3% gnorm 0.551 lr 1.25e-05 tok 8862 7.3s/step [data 3ms fwd 235ms bwd+opt 7052ms T=16864 passes=9]
[step 4825/5000] loss 0.6344 acc 80.6% gnorm 0.496 lr 1.20e-05 tok 16515 7.3s/step [data 3ms fwd 333ms bwd+opt 6945ms T=24528 passes=12]
[step 4850/5000] loss 0.7254 acc 76.6% gnorm 0.438 lr 1.14e-05 tok 15738 7.3s/step [data 3ms fwd 324ms bwd+opt 7017ms T=23744 passes=12]
[step 4875/5000] loss 0.7272 acc 77.9% gnorm 0.486 lr 1.10e-05 tok 13059 6.9s/step [data 3ms fwd 290ms bwd+opt 6560ms T=21072 passes=11]
[step 4900/5000] loss 0.5285 acc 83.5% gnorm 0.438 lr 1.06e-05 tok 16479 7.9s/step [data 3ms fwd 333ms bwd+opt 7610ms T=24480 passes=12]
[step 4925/5000] loss 0.5250 acc 84.9% gnorm 0.707 lr 1.04e-05 tok 4401 7.3s/step [data 3ms fwd 180ms bwd+opt 7157ms T=12416 passes=7]
[step 4950/5000] loss 1.4509 acc 52.1% gnorm 0.508 lr 1.02e-05 tok 19078 7.2s/step [data 2ms fwd 371ms bwd+opt 6836ms T=27088 passes=14]
[step 4975/5000] loss 0.7937 acc 74.9% gnorm 0.559 lr 1.00e-05 tok 7478 6.9s/step [data 2ms fwd 216ms bwd+opt 6719ms T=15488 passes=8]
[step 5000/5000] loss 1.1701 acc 62.5% gnorm 0.451 lr 1.00e-05 tok 14599 7.1s/step [data 2ms fwd 315ms bwd+opt 6797ms T=22608 passes=12]
[val 5000] loss 1.4010 acc 56.6% eos 29.7%
[val final 5000] loss 1.4010 acc 56.6% (best was step 4000 / 1.3994)
[done] results/slakh_r2_carry
