/root/miniconda3/lib/python3.12/site-packages/pretty_midi/pretty_midi.py:122: RuntimeWarning: Tempo, Key or Time signature change events found on non-zero tracks.  This is not a valid type 0 or type 1 MIDI file.  Tempo, Key or Time Signature may be wrong.
  warnings.warn(
/root/MuRWKV/src/murwkv/training/train.py:272: UserWarning: Converting a tensor with requires_grad=True to a scalar may lead to unexpected behavior.
Consider using tensor.detach() first. (Triggered internally at /pytorch/torch/csrc/autograd/generated/python_variable_methods.cpp:835.)
  row = {"step": step, "loss": float(loss), "acc": float(acc), "eos_acc": float(eos_acc), "gnorm": float(gnorm), "lr": lr, "n_tok": n_tok, "noise_p": noise_p}
[data] tracks[120]: ['Track00003', 'Track00016', 'Track00022', 'Track00023', 'Track00036']...
[data] windows=3894 stats={'truncated_chunks': 0, 'tracks': 120, 'chunks': 5688, 'tokens': 3920803, 'shortened': 0, 'clipped_overlaps': 41701}
[val] tracks=20 windows=975 eval_every=500 limit=16
[model] params=21.87M  kernel_available=True (None)
[step 1/12000] loss 7.3462 acc 0.0% gnorm 506.000 lr 6.00e-06 tok 7490 0.9s/step [data 4ms fwd 772ms bwd+opt 112ms T=15504 passes=8]
[step 20/12000] loss 4.9819 acc 20.0% gnorm 72.500 lr 6.24e-05 tok 4858 6.7s/step [data 3ms fwd 169ms bwd+opt 6518ms T=12864 passes=7]
[step 40/12000] loss 4.6438 acc 20.4% gnorm 17.375 lr 1.22e-04 tok 11587 6.2s/step [data 3ms fwd 256ms bwd+opt 5955ms T=19600 passes=10]
[step 60/12000] loss 4.2269 acc 15.7% gnorm 17.000 lr 1.81e-04 tok 19936 5.9s/step [data 3ms fwd 364ms bwd+opt 5500ms T=27936 passes=14]
[step 80/12000] loss 4.1845 acc 14.0% gnorm 4.656 lr 2.41e-04 tok 10321 6.1s/step [data 6ms fwd 237ms bwd+opt 5817ms T=18336 passes=9]
[step 100/12000] loss 3.9103 acc 17.1% gnorm 7.406 lr 3.00e-04 tok 12811 6.0s/step [data 3ms fwd 274ms bwd+opt 5677ms T=20816 passes=11]
[step 120/12000] loss 3.3231 acc 27.4% gnorm 4.312 lr 3.59e-04 tok 6524 5.5s/step [data 5ms fwd 193ms bwd+opt 5310ms T=14528 passes=8]
[step 140/12000] loss 2.9103 acc 33.4% gnorm 4.594 lr 4.19e-04 tok 13548 5.4s/step [data 3ms fwd 277ms bwd+opt 5163ms T=21552 passes=11]
[step 160/12000] loss 2.5699 acc 38.5% gnorm 3.344 lr 4.78e-04 tok 11827 6.5s/step [data 3ms fwd 258ms bwd+opt 6280ms T=19840 passes=10]
[step 180/12000] loss 2.6386 acc 34.5% gnorm 2.875 lr 5.38e-04 tok 7674 5.8s/step [data 3ms fwd 205ms bwd+opt 5632ms T=15680 passes=8]
[step 200/12000] loss 2.4001 acc 39.7% gnorm 3.219 lr 5.97e-04 tok 11558 5.6s/step [data 3ms fwd 255ms bwd+opt 5385ms T=19568 passes=10]
[step 220/12000] loss 2.1764 acc 45.0% gnorm 2.141 lr 6.00e-04 tok 9921 5.7s/step [data 3ms fwd 237ms bwd+opt 5454ms T=17936 passes=9]
[step 240/12000] loss 2.4195 acc 33.0% gnorm 3.828 lr 6.00e-04 tok 12751 5.6s/step [data 2ms fwd 275ms bwd+opt 5364ms T=20752 passes=11]
[step 260/12000] loss 2.1885 acc 45.6% gnorm 2.266 lr 6.00e-04 tok 13307 6.0s/step [data 2ms fwd 278ms bwd+opt 5756ms T=21312 passes=11]
[step 280/12000] loss 2.1496 acc 41.7% gnorm 1.836 lr 6.00e-04 tok 20945 6.4s/step [data 3ms fwd 384ms bwd+opt 6011ms T=28960 passes=15]
[step 300/12000] loss 2.1686 acc 42.0% gnorm 2.750 lr 6.00e-04 tok 5582 5.4s/step [data 3ms fwd 174ms bwd+opt 5198ms T=13584 passes=7]
[step 320/12000] loss 2.0814 acc 46.5% gnorm 1.805 lr 6.00e-04 tok 12510 5.4s/step [data 3ms fwd 274ms bwd+opt 5146ms T=20512 passes=11]
[step 340/12000] loss 1.8407 acc 50.5% gnorm 1.336 lr 6.00e-04 tok 10132 6.0s/step [data 3ms fwd 238ms bwd+opt 5777ms T=18144 passes=9]
[step 360/12000] loss 1.8810 acc 46.5% gnorm 1.656 lr 6.00e-04 tok 9821 5.5s/step [data 3ms fwd 234ms bwd+opt 5257ms T=17824 passes=9]
[step 380/12000] loss 1.9830 acc 49.4% gnorm 1.492 lr 6.00e-04 tok 8059 5.4s/step [data 2ms fwd 208ms bwd+opt 5153ms T=16064 passes=8]
[step 400/12000] loss 2.2055 acc 39.3% gnorm 1.977 lr 6.00e-04 tok 12113 5.3s/step [data 4ms fwd 261ms bwd+opt 5082ms T=20128 passes=10]
[step 420/12000] loss 1.9463 acc 46.2% gnorm 1.586 lr 5.99e-04 tok 14998 5.8s/step [data 2ms fwd 304ms bwd+opt 5506ms T=23008 passes=12]
[step 440/12000] loss 2.1228 acc 43.4% gnorm 1.391 lr 5.99e-04 tok 7529 5.4s/step [data 2ms fwd 203ms bwd+opt 5170ms T=15536 passes=8]
[step 460/12000] loss 2.4295 acc 32.5% gnorm 1.602 lr 5.99e-04 tok 8028 5.6s/step [data 2ms fwd 207ms bwd+opt 5401ms T=16032 passes=8]
[step 480/12000] loss 1.9318 acc 42.8% gnorm 1.492 lr 5.99e-04 tok 13858 5.4s/step [data 3ms fwd 287ms bwd+opt 5090ms T=21872 passes=11]
[step 500/12000] loss 1.7601 acc 47.4% gnorm 1.453 lr 5.99e-04 tok 14124 6.1s/step [data 2ms fwd 289ms bwd+opt 5791ms T=22128 passes=11]
[val 500] loss 1.6937 acc 50.3% eos 18.8%
[val 500] NEW BEST val_loss 1.6937 -> best_val.pt
[step 520/12000] loss 1.9292 acc 44.0% gnorm 1.508 lr 5.99e-04 tok 11454 6.3s/step [data 2ms fwd 254ms bwd+opt 6001ms T=19456 passes=10]
[step 540/12000] loss 1.9807 acc 41.6% gnorm 1.312 lr 5.99e-04 tok 8783 5.3s/step [data 2ms fwd 229ms bwd+opt 5108ms T=16784 passes=9]
[step 560/12000] loss 2.3550 acc 37.3% gnorm 1.188 lr 5.99e-04 tok 6869 5.4s/step [data 2ms fwd 196ms bwd+opt 5200ms T=14880 passes=8]
[step 580/12000] loss 1.8989 acc 45.6% gnorm 1.445 lr 5.98e-04 tok 8657 5.4s/step [data 2ms fwd 221ms bwd+opt 5223ms T=16672 passes=9]
[step 600/12000] loss 2.2361 acc 37.8% gnorm 1.445 lr 5.98e-04 tok 9973 5.6s/step [data 2ms fwd 234ms bwd+opt 5404ms T=17984 passes=9]
[step 620/12000] loss 2.1782 acc 39.2% gnorm 1.336 lr 5.98e-04 tok 6123 5.6s/step [data 2ms fwd 183ms bwd+opt 5453ms T=14128 passes=7]
[step 640/12000] loss 1.6709 acc 51.1% gnorm 1.258 lr 5.98e-04 tok 14107 5.6s/step [data 2ms fwd 288ms bwd+opt 5316ms T=22112 passes=11]
[step 660/12000] loss 1.9511 acc 42.9% gnorm 1.117 lr 5.98e-04 tok 15100 5.7s/step [data 4ms fwd 302ms bwd+opt 5348ms T=23104 passes=12]
[step 680/12000] loss 1.7764 acc 49.7% gnorm 1.773 lr 5.98e-04 tok 11640 5.8s/step [data 2ms fwd 258ms bwd+opt 5518ms T=19648 passes=10]
[step 700/12000] loss 1.7649 acc 44.6% gnorm 1.711 lr 5.97e-04 tok 9615 5.7s/step [data 3ms fwd 230ms bwd+opt 5421ms T=17616 passes=9]
[step 720/12000] loss 1.6092 acc 54.3% gnorm 1.570 lr 5.97e-04 tok 15843 5.5s/step [data 3ms fwd 312ms bwd+opt 5222ms T=23856 passes=12]
[step 740/12000] loss 1.9714 acc 42.1% gnorm 1.383 lr 5.97e-04 tok 9353 5.2s/step [data 3ms fwd 225ms bwd+opt 5005ms T=17360 passes=9]
[step 760/12000] loss 1.7727 acc 46.6% gnorm 2.156 lr 5.97e-04 tok 8248 5.6s/step [data 3ms fwd 209ms bwd+opt 5392ms T=16256 passes=8]
[step 780/12000] loss 1.7490 acc 47.8% gnorm 1.219 lr 5.97e-04 tok 18181 5.8s/step [data 3ms fwd 343ms bwd+opt 5470ms T=26192 passes=13]
[step 800/12000] loss 1.8014 acc 44.1% gnorm 1.008 lr 5.96e-04 tok 13838 6.1s/step [data 3ms fwd 284ms bwd+opt 5806ms T=21840 passes=11]
[step 820/12000] loss 1.4479 acc 55.7% gnorm 0.984 lr 5.96e-04 tok 19961 5.9s/step [data 3ms fwd 365ms bwd+opt 5556ms T=27968 passes=14]
[step 840/12000] loss 1.6276 acc 49.4% gnorm 1.062 lr 5.96e-04 tok 10999 5.5s/step [data 3ms fwd 249ms bwd+opt 5266ms T=19008 passes=10]
[step 860/12000] loss 1.5217 acc 54.3% gnorm 1.461 lr 5.95e-04 tok 10912 6.0s/step [data 2ms fwd 251ms bwd+opt 5748ms T=18912 passes=10]
[step 880/12000] loss 1.8817 acc 40.9% gnorm 1.852 lr 5.95e-04 tok 6699 6.2s/step [data 3ms fwd 195ms bwd+opt 6047ms T=14704 passes=8]
[step 900/12000] loss 2.0257 acc 39.6% gnorm 1.719 lr 5.95e-04 tok 9921 5.8s/step [data 3ms fwd 233ms bwd+opt 5593ms T=17936 passes=9]
[step 920/12000] loss 1.7910 acc 47.3% gnorm 1.398 lr 5.95e-04 tok 14613 5.8s/step [data 2ms fwd 302ms bwd+opt 5483ms T=22624 passes=12]
[step 940/12000] loss 1.6663 acc 49.7% gnorm 0.949 lr 5.94e-04 tok 19955 5.6s/step [data 2ms fwd 368ms bwd+opt 5217ms T=27968 passes=14]
[step 960/12000] loss 1.2946 acc 63.8% gnorm 0.852 lr 5.94e-04 tok 10269 5.5s/step [data 2ms fwd 236ms bwd+opt 5259ms T=18272 passes=9]
[step 980/12000] loss 1.6931 acc 45.3% gnorm 1.195 lr 5.94e-04 tok 13466 6.0s/step [data 3ms fwd 280ms bwd+opt 5725ms T=21472 passes=11]
[step 1000/12000] loss 1.5931 acc 51.5% gnorm 0.727 lr 5.93e-04 tok 15090 6.1s/step [data 5ms fwd 304ms bwd+opt 5760ms T=23104 passes=12]
[val 1000] loss 1.5570 acc 52.9% eos 26.6%
[val 1000] NEW BEST val_loss 1.5570 -> best_val.pt
[step 1020/12000] loss 1.6629 acc 46.4% gnorm 0.848 lr 5.93e-04 tok 19166 6.2s/step [data 3ms fwd 360ms bwd+opt 5806ms T=27168 passes=14]
[step 1040/12000] loss 1.7992 acc 47.7% gnorm 1.227 lr 5.93e-04 tok 12839 5.4s/step [data 3ms fwd 274ms bwd+opt 5118ms T=20848 passes=11]
[step 1060/12000] loss 1.7114 acc 46.1% gnorm 0.777 lr 5.92e-04 tok 13459 5.4s/step [data 2ms fwd 279ms bwd+opt 5114ms T=21472 passes=11]
[step 1080/12000] loss 1.9477 acc 43.3% gnorm 1.453 lr 5.92e-04 tok 6839 5.6s/step [data 2ms fwd 191ms bwd+opt 5446ms T=14848 passes=8]
[step 1100/12000] loss 1.9279 acc 43.3% gnorm 1.141 lr 5.92e-04 tok 6237 5.2s/step [data 2ms fwd 180ms bwd+opt 5046ms T=14240 passes=7]
[step 1120/12000] loss 2.2412 acc 33.9% gnorm 1.039 lr 5.91e-04 tok 8385 5.8s/step [data 5ms fwd 359ms bwd+opt 5395ms T=16400 passes=9]
[step 1140/12000] loss 1.7173 acc 50.0% gnorm 1.102 lr 5.91e-04 tok 8969 6.1s/step [data 3ms fwd 219ms bwd+opt 5840ms T=16976 passes=9]
[step 1160/12000] loss 1.4261 acc 56.0% gnorm 1.211 lr 5.90e-04 tok 9148 6.0s/step [data 2ms fwd 225ms bwd+opt 5748ms T=17152 passes=9]
[step 1180/12000] loss 1.5295 acc 53.5% gnorm 1.523 lr 5.90e-04 tok 16985 5.6s/step [data 2ms fwd 330ms bwd+opt 5283ms T=24992 passes=13]
[step 1200/12000] loss 1.4942 acc 54.3% gnorm 1.172 lr 5.90e-04 tok 15405 5.8s/step [data 2ms fwd 307ms bwd+opt 5513ms T=23408 passes=12]
[step 1220/12000] loss 2.0332 acc 41.4% gnorm 0.957 lr 5.89e-04 tok 16139 5.6s/step [data 2ms fwd 315ms bwd+opt 5239ms T=24144 passes=12]
[step 1240/12000] loss 1.7311 acc 47.0% gnorm 1.195 lr 5.89e-04 tok 9396 5.6s/step [data 3ms fwd 226ms bwd+opt 5379ms T=17408 passes=9]
[step 1260/12000] loss 1.2620 acc 61.0% gnorm 1.078 lr 5.88e-04 tok 14497 5.6s/step [data 3ms fwd 292ms bwd+opt 5319ms T=22512 passes=11]
[step 1280/12000] loss 1.8228 acc 46.5% gnorm 0.934 lr 5.88e-04 tok 7760 6.1s/step [data 3ms fwd 205ms bwd+opt 5917ms T=15760 passes=8]
[step 1300/12000] loss 1.6979 acc 49.6% gnorm 2.406 lr 5.87e-04 tok 13252 5.5s/step [data 3ms fwd 280ms bwd+opt 5191ms T=21264 passes=11]
[step 1320/12000] loss 1.3094 acc 62.6% gnorm 2.172 lr 5.87e-04 tok 10143 5.9s/step [data 2ms fwd 235ms bwd+opt 5650ms T=18144 passes=9]
[step 1340/12000] loss 1.5905 acc 52.2% gnorm 0.996 lr 5.87e-04 tok 8098 6.1s/step [data 3ms fwd 208ms bwd+opt 5853ms T=16112 passes=8]
[step 1360/12000] loss 1.2549 acc 61.0% gnorm 1.180 lr 5.86e-04 tok 7910 5.3s/step [data 3ms fwd 205ms bwd+opt 5089ms T=15920 passes=8]
[step 1380/12000] loss 1.3568 acc 59.5% gnorm 1.016 lr 5.86e-04 tok 10828 5.7s/step [data 3ms fwd 249ms bwd+opt 5488ms T=18832 passes=10]
[step 1400/12000] loss 1.5353 acc 53.4% gnorm 0.875 lr 5.85e-04 tok 13872 5.4s/step [data 5ms fwd 286ms bwd+opt 5100ms T=21872 passes=11]
[step 1420/12000] loss 1.7088 acc 47.3% gnorm 0.965 lr 5.85e-04 tok 9678 5.9s/step [data 3ms fwd 231ms bwd+opt 5690ms T=17680 passes=9]
[step 1440/12000] loss 1.4141 acc 57.3% gnorm 1.266 lr 5.84e-04 tok 8440 5.3s/step [data 3ms fwd 221ms bwd+opt 5087ms T=16448 passes=9]
[step 1460/12000] loss 1.3703 acc 61.1% gnorm 0.988 lr 5.84e-04 tok 11618 5.6s/step [data 5ms fwd 257ms bwd+opt 5333ms T=19632 passes=10]
[step 1480/12000] loss 1.1434 acc 66.5% gnorm 0.762 lr 5.83e-04 tok 11819 5.8s/step [data 3ms fwd 259ms bwd+opt 5587ms T=19824 passes=10]
[step 1500/12000] loss 1.7578 acc 47.2% gnorm 1.031 lr 5.83e-04 tok 10952 6.0s/step [data 3ms fwd 249ms bwd+opt 5701ms T=18960 passes=10]
[val 1500] loss 1.4601 acc 54.7% eos 10.9%
[val 1500] NEW BEST val_loss 1.4601 -> best_val.pt
[step 1520/12000] loss 1.7631 acc 49.2% gnorm 0.910 lr 5.82e-04 tok 10499 6.3s/step [data 3ms fwd 248ms bwd+opt 6092ms T=18512 passes=10]
[step 1540/12000] loss 1.7359 acc 47.8% gnorm 1.070 lr 5.81e-04 tok 10314 5.4s/step [data 3ms fwd 235ms bwd+opt 5133ms T=18320 passes=9]
[step 1560/12000] loss 1.5171 acc 52.3% gnorm 1.070 lr 5.81e-04 tok 13718 5.4s/step [data 3ms fwd 285ms bwd+opt 5082ms T=21728 passes=11]
[step 1580/12000] loss 1.7043 acc 47.3% gnorm 1.195 lr 5.80e-04 tok 6145 5.4s/step [data 2ms fwd 183ms bwd+opt 5173ms T=14160 passes=7]
[step 1600/12000] loss 1.4514 acc 55.9% gnorm 1.219 lr 5.80e-04 tok 7215 5.4s/step [data 2ms fwd 198ms bwd+opt 5244ms T=15216 passes=8]
[step 1620/12000] loss 1.8780 acc 43.5% gnorm 0.789 lr 5.79e-04 tok 16430 5.6s/step [data 2ms fwd 321ms bwd+opt 5252ms T=24432 passes=12]
[step 1640/12000] loss 1.2007 acc 63.3% gnorm 0.898 lr 5.79e-04 tok 10001 5.4s/step [data 3ms fwd 238ms bwd+opt 5123ms T=18016 passes=9]
[step 1660/12000] loss 2.1081 acc 39.6% gnorm 1.125 lr 5.78e-04 tok 4135 5.5s/step [data 2ms fwd 160ms bwd+opt 5378ms T=12144 passes=6]
[step 1680/12000] loss 1.2797 acc 62.6% gnorm 1.391 lr 5.77e-04 tok 4908 5.2s/step [data 6ms fwd 173ms bwd+opt 4971ms T=12912 passes=7]
[step 1700/12000] loss 1.3046 acc 62.7% gnorm 1.367 lr 5.77e-04 tok 11000 5.4s/step [data 2ms fwd 255ms bwd+opt 5119ms T=19008 passes=10]
[step 1720/12000] loss 1.2253 acc 61.2% gnorm 1.281 lr 5.76e-04 tok 7123 5.8s/step [data 2ms fwd 203ms bwd+opt 5635ms T=15136 passes=8]
[step 1740/12000] loss 1.7736 acc 44.5% gnorm 0.949 lr 5.76e-04 tok 11024 5.8s/step [data 2ms fwd 255ms bwd+opt 5525ms T=19024 passes=10]
[step 1760/12000] loss 1.0872 acc 69.3% gnorm 0.867 lr 5.75e-04 tok 6199 5.1s/step [data 2ms fwd 183ms bwd+opt 4921ms T=14208 passes=7]
[step 1780/12000] loss 1.8315 acc 42.9% gnorm 1.094 lr 5.74e-04 tok 7379 5.2s/step [data 2ms fwd 202ms bwd+opt 5032ms T=15392 passes=8]
[step 1800/12000] loss 1.5380 acc 52.1% gnorm 1.164 lr 5.74e-04 tok 6593 5.3s/step [data 2ms fwd 197ms bwd+opt 5102ms T=14608 passes=8]
[step 1820/12000] loss 1.4596 acc 54.8% gnorm 1.328 lr 5.73e-04 tok 11972 5.6s/step [data 2ms fwd 262ms bwd+opt 5385ms T=19984 passes=10]
[step 1840/12000] loss 1.6098 acc 48.8% gnorm 0.871 lr 5.72e-04 tok 19732 5.4s/step [data 2ms fwd 368ms bwd+opt 4986ms T=27744 passes=14]
[step 1860/12000] loss 1.4344 acc 57.5% gnorm 0.820 lr 5.72e-04 tok 11491 5.0s/step [data 3ms fwd 261ms bwd+opt 4745ms T=19504 passes=10]
[step 1880/12000] loss 1.5034 acc 53.0% gnorm 0.898 lr 5.71e-04 tok 10566 5.7s/step [data 3ms fwd 254ms bwd+opt 5487ms T=18576 passes=10]
[step 1900/12000] loss 1.2922 acc 60.7% gnorm 0.879 lr 5.70e-04 tok 14580 5.7s/step [data 2ms fwd 307ms bwd+opt 5379ms T=22592 passes=12]
[step 1920/12000] loss 1.2141 acc 63.3% gnorm 0.586 lr 5.70e-04 tok 11628 5.3s/step [data 4ms fwd 259ms bwd+opt 5061ms T=19632 passes=10]
[step 1940/12000] loss 1.6789 acc 46.6% gnorm 0.887 lr 5.69e-04 tok 10127 5.5s/step [data 3ms fwd 242ms bwd+opt 5259ms T=18128 passes=9]
[step 1960/12000] loss 0.9809 acc 68.0% gnorm 0.902 lr 5.68e-04 tok 11257 5.7s/step [data 3ms fwd 257ms bwd+opt 5423ms T=19264 passes=10]
[step 1980/12000] loss 2.0170 acc 38.3% gnorm 0.836 lr 5.68e-04 tok 7782 5.8s/step [data 4ms fwd 206ms bwd+opt 5559ms T=15792 passes=8]
[step 2000/12000] loss 2.0020 acc 38.1% gnorm 1.992 lr 5.67e-04 tok 8055 5.6s/step [data 3ms fwd 209ms bwd+opt 5386ms T=16064 passes=8]
[val 2000] loss 1.4387 acc 54.4% eos 40.6%
[val 2000] NEW BEST val_loss 1.4387 -> best_val.pt
[step 2020/12000] loss 1.8615 acc 46.2% gnorm 0.832 lr 5.66e-04 tok 10055 6.6s/step [data 2ms fwd 239ms bwd+opt 6346ms T=18064 passes=9]
[step 2040/12000] loss 1.1559 acc 63.0% gnorm 1.266 lr 5.65e-04 tok 9671 5.7s/step [data 5ms fwd 232ms bwd+opt 5467ms T=17680 passes=9]
[step 2060/12000] loss 1.1687 acc 60.6% gnorm 0.773 lr 5.65e-04 tok 14182 5.7s/step [data 3ms fwd 291ms bwd+opt 5390ms T=22192 passes=11]
[step 2080/12000] loss 1.6561 acc 49.4% gnorm 1.078 lr 5.64e-04 tok 8741 5.3s/step [data 2ms fwd 226ms bwd+opt 5069ms T=16752 passes=9]
[step 2100/12000] loss 1.3827 acc 57.1% gnorm 0.836 lr 5.63e-04 tok 10700 5.6s/step [data 2ms fwd 249ms bwd+opt 5372ms T=18704 passes=10]
[step 2120/12000] loss 0.8278 acc 75.5% gnorm 0.793 lr 5.62e-04 tok 4311 5.6s/step [data 2ms fwd 179ms bwd+opt 5401ms T=12320 passes=7]
[step 2140/12000] loss 1.6529 acc 50.1% gnorm 1.289 lr 5.62e-04 tok 11906 5.2s/step [data 2ms fwd 259ms bwd+opt 4975ms T=19920 passes=10]
[step 2160/12000] loss 1.3152 acc 58.0% gnorm 0.883 lr 5.61e-04 tok 24373 5.2s/step [data 3ms fwd 425ms bwd+opt 4745ms T=32384 passes=16]
[step 2180/12000] loss 1.7315 acc 46.6% gnorm 0.887 lr 5.60e-04 tok 10107 5.3s/step [data 3ms fwd 234ms bwd+opt 5112ms T=18112 passes=9]
[step 2200/12000] loss 1.8722 acc 43.8% gnorm 1.172 lr 5.59e-04 tok 16411 5.3s/step [data 2ms fwd 318ms bwd+opt 4981ms T=24416 passes=12]
[step 2220/12000] loss 1.7289 acc 50.4% gnorm 1.008 lr 5.58e-04 tok 11152 5.4s/step [data 2ms fwd 255ms bwd+opt 5103ms T=19152 passes=10]
[step 2240/12000] loss 1.8292 acc 45.2% gnorm 0.965 lr 5.58e-04 tok 8134 5.7s/step [data 2ms fwd 215ms bwd+opt 5478ms T=16144 passes=8]
[step 2260/12000] loss 1.2077 acc 64.2% gnorm 1.094 lr 5.57e-04 tok 10187 5.7s/step [data 2ms fwd 240ms bwd+opt 5467ms T=18192 passes=9]
[step 2280/12000] loss 0.9662 acc 71.3% gnorm 0.793 lr 5.56e-04 tok 10676 6.1s/step [data 2ms fwd 252ms bwd+opt 5880ms T=18688 passes=10]
[step 2300/12000] loss 1.3069 acc 60.3% gnorm 1.219 lr 5.55e-04 tok 20301 6.1s/step [data 3ms fwd 374ms bwd+opt 5756ms T=28304 passes=14]
[step 2320/12000] loss 1.4655 acc 55.2% gnorm 0.934 lr 5.54e-04 tok 9734 5.8s/step [data 2ms fwd 233ms bwd+opt 5586ms T=17744 passes=9]
[step 2340/12000] loss 0.9687 acc 70.6% gnorm 0.848 lr 5.53e-04 tok 17894 7.3s/step [data 3ms fwd 344ms bwd+opt 6978ms T=25904 passes=13]
[step 2360/12000] loss 1.7422 acc 46.9% gnorm 0.879 lr 5.53e-04 tok 7827 6.4s/step [data 3ms fwd 208ms bwd+opt 6170ms T=15840 passes=8]
[step 2380/12000] loss 1.4216 acc 54.8% gnorm 1.258 lr 5.52e-04 tok 19643 5.9s/step [data 3ms fwd 372ms bwd+opt 5511ms T=27648 passes=14]
[step 2400/12000] loss 1.4537 acc 55.5% gnorm 1.195 lr 5.51e-04 tok 12282 6.0s/step [data 3ms fwd 264ms bwd+opt 5768ms T=20288 passes=10]
[step 2420/12000] loss 1.4167 acc 55.2% gnorm 0.898 lr 5.50e-04 tok 23789 6.1s/step [data 3ms fwd 423ms bwd+opt 5670ms T=31792 passes=16]
[step 2440/12000] loss 1.1882 acc 63.7% gnorm 0.914 lr 5.49e-04 tok 8176 5.6s/step [data 2ms fwd 210ms bwd+opt 5343ms T=16176 passes=8]
[step 2460/12000] loss 1.6720 acc 48.7% gnorm 0.805 lr 5.48e-04 tok 9529 5.9s/step [data 3ms fwd 229ms bwd+opt 5658ms T=17536 passes=9]
[step 2480/12000] loss 1.1057 acc 64.2% gnorm 0.910 lr 5.47e-04 tok 12277 5.9s/step [data 3ms fwd 264ms bwd+opt 5628ms T=20288 passes=10]
[step 2500/12000] loss 0.8928 acc 71.5% gnorm 0.801 lr 5.46e-04 tok 7506 5.5s/step [data 3ms fwd 204ms bwd+opt 5318ms T=15520 passes=8]
[val 2500] loss 1.4445 acc 54.6% eos 34.4%
[step 2520/12000] loss 1.2336 acc 60.7% gnorm 0.988 lr 5.46e-04 tok 14746 5.9s/step [data 2ms fwd 307ms bwd+opt 5555ms T=22752 passes=12]
[step 2540/12000] loss 1.7504 acc 48.6% gnorm 1.359 lr 5.45e-04 tok 6553 7.9s/step [data 3ms fwd 197ms bwd+opt 7707ms T=14560 passes=8]
[step 2560/12000] loss 1.3851 acc 57.9% gnorm 0.762 lr 5.44e-04 tok 20399 5.5s/step [data 3ms fwd 373ms bwd+opt 5143ms T=28400 passes=14]
[step 2580/12000] loss 1.4446 acc 52.5% gnorm 0.578 lr 5.43e-04 tok 8277 5.9s/step [data 3ms fwd 211ms bwd+opt 5641ms T=16288 passes=8]
[step 2600/12000] loss 1.4165 acc 56.0% gnorm 1.289 lr 5.42e-04 tok 12081 5.6s/step [data 3ms fwd 263ms bwd+opt 5369ms T=20096 passes=10]
[step 2620/12000] loss 1.4350 acc 54.2% gnorm 0.820 lr 5.41e-04 tok 18363 5.6s/step [data 3ms fwd 351ms bwd+opt 5256ms T=26368 passes=13]
[step 2640/12000] loss 1.3610 acc 55.0% gnorm 0.766 lr 5.40e-04 tok 16513 5.4s/step [data 3ms fwd 319ms bwd+opt 5059ms T=24528 passes=12]
[step 2660/12000] loss 1.2813 acc 62.3% gnorm 1.188 lr 5.39e-04 tok 7414 5.7s/step [data 3ms fwd 204ms bwd+opt 5450ms T=15424 passes=8]
[step 2680/12000] loss 1.4590 acc 53.2% gnorm 0.945 lr 5.38e-04 tok 11400 5.3s/step [data 3ms fwd 257ms bwd+opt 5075ms T=19408 passes=10]
[step 2700/12000] loss 1.4576 acc 57.4% gnorm 1.094 lr 5.37e-04 tok 5727 6.0s/step [data 3ms fwd 181ms bwd+opt 5839ms T=13728 passes=7]
[step 2720/12000] loss 1.8145 acc 44.1% gnorm 1.133 lr 5.36e-04 tok 12610 5.1s/step [data 2ms fwd 281ms bwd+opt 4829ms T=20624 passes=11]
[step 2740/12000] loss 1.3021 acc 60.7% gnorm 1.211 lr 5.35e-04 tok 12258 5.8s/step [data 2ms fwd 264ms bwd+opt 5572ms T=20272 passes=10]
[step 2760/12000] loss 1.2618 acc 59.4% gnorm 0.617 lr 5.34e-04 tok 12190 5.5s/step [data 4ms fwd 265ms bwd+opt 5251ms T=20192 passes=10]
[step 2780/12000] loss 1.2785 acc 60.7% gnorm 0.762 lr 5.33e-04 tok 14701 5.6s/step [data 3ms fwd 308ms bwd+opt 5278ms T=22704 passes=12]
[step 2800/12000] loss 0.5982 acc 85.2% gnorm 0.777 lr 5.32e-04 tok 16034 6.2s/step [data 3ms fwd 318ms bwd+opt 5854ms T=24048 passes=12]
[step 2820/12000] loss 1.0022 acc 67.0% gnorm 0.695 lr 5.31e-04 tok 19214 5.6s/step [data 3ms fwd 367ms bwd+opt 5220ms T=27216 passes=14]
[step 2840/12000] loss 1.5434 acc 51.5% gnorm 1.055 lr 5.30e-04 tok 7235 5.5s/step [data 3ms fwd 204ms bwd+opt 5280ms T=15248 passes=8]
[step 2860/12000] loss 1.0674 acc 69.4% gnorm 0.934 lr 5.29e-04 tok 9904 5.8s/step [data 3ms fwd 237ms bwd+opt 5581ms T=17904 passes=9]
[step 2880/12000] loss 1.1809 acc 63.7% gnorm 0.703 lr 5.28e-04 tok 11295 5.8s/step [data 3ms fwd 254ms bwd+opt 5565ms T=19296 passes=10]
[step 2900/12000] loss 1.0461 acc 84.4% gnorm 81.500 lr 5.27e-04 tok 32 6.2s/step [data 3ms fwd 105ms bwd+opt 6058ms T=8032 passes=4]
[step 2920/12000] loss 0.9852 acc 71.3% gnorm 1.258 lr 5.26e-04 tok 11434 5.7s/step [data 3ms fwd 262ms bwd+opt 5430ms T=19440 passes=10]
[step 2940/12000] loss 1.6892 acc 43.7% gnorm 1.430 lr 5.25e-04 tok 4277 6.2s/step [data 2ms fwd 170ms bwd+opt 6016ms T=12288 passes=7]
[step 2960/12000] loss 1.5056 acc 51.2% gnorm 1.047 lr 5.24e-04 tok 10686 5.5s/step [data 2ms fwd 253ms bwd+opt 5294ms T=18688 passes=10]
[step 2980/12000] loss 1.4276 acc 55.2% gnorm 1.000 lr 5.23e-04 tok 11176 5.7s/step [data 2ms fwd 252ms bwd+opt 5433ms T=19184 passes=10]
[step 3000/12000] loss 1.1592 acc 66.4% gnorm 0.785 lr 5.22e-04 tok 11708 5.7s/step [data 2ms fwd 258ms bwd+opt 5395ms T=19712 passes=10]
[val 3000] loss 1.4292 acc 55.9% eos 34.4%
[val 3000] NEW BEST val_loss 1.4292 -> best_val.pt
[step 3020/12000] loss 1.1478 acc 63.5% gnorm 0.957 lr 5.21e-04 tok 22788 6.7s/step [data 2ms fwd 415ms bwd+opt 6267ms T=30800 passes=16]
[step 3040/12000] loss 1.1935 acc 62.1% gnorm 0.836 lr 5.20e-04 tok 11740 5.5s/step [data 2ms fwd 260ms bwd+opt 5252ms T=19744 passes=10]
[step 3060/12000] loss 1.6568 acc 48.0% gnorm 0.832 lr 5.19e-04 tok 14156 6.0s/step [data 3ms fwd 296ms bwd+opt 5678ms T=22160 passes=11]
[step 3080/12000] loss 1.2973 acc 61.1% gnorm 0.801 lr 5.18e-04 tok 9885 5.3s/step [data 3ms fwd 236ms bwd+opt 5089ms T=17888 passes=9]
[step 3100/12000] loss 1.3045 acc 56.3% gnorm 0.594 lr 5.16e-04 tok 8253 5.6s/step [data 2ms fwd 211ms bwd+opt 5375ms T=16256 passes=8]
[step 3120/12000] loss 0.7620 acc 77.1% gnorm 0.660 lr 5.15e-04 tok 20723 5.1s/step [data 3ms fwd 384ms bwd+opt 4726ms T=28736 passes=15]
[step 3140/12000] loss 1.1094 acc 64.6% gnorm 0.961 lr 5.14e-04 tok 13948 5.4s/step [data 3ms fwd 286ms bwd+opt 5131ms T=21952 passes=11]
[step 3140] NaN loss — aborting step; dumping diagnostics
[step 3141] NaN loss — aborting step; dumping diagnostics
[step 3147] NaN loss — aborting step; dumping diagnostics
[step 3159] NaN loss — aborting step; dumping diagnostics
[step 3161] NaN loss — aborting step; dumping diagnostics
[step 3163] NaN loss — aborting step; dumping diagnostics
[step 3167] NaN loss — aborting step; dumping diagnostics
[step 3169] NaN loss — aborting step; dumping diagnostics
[step 3171] NaN loss — aborting step; dumping diagnostics
[step 3172] NaN loss — aborting step; dumping diagnostics
[step 3176] NaN loss — aborting step; dumping diagnostics
[step 3179] NaN loss — aborting step; dumping diagnostics
[step 3182] NaN loss — aborting step; dumping diagnostics
[step 3183] NaN loss — aborting step; dumping diagnostics
[step 3193] NaN loss — aborting step; dumping diagnostics
[step 3200/12000] loss 1.5142 acc 50.0% gnorm 0.965 lr 5.11e-04 tok 14065 14.4s/step [data 3ms fwd 288ms bwd+opt 14084ms T=22080 passes=11]
[step 3220/12000] loss 1.2011 acc 64.0% gnorm 0.742 lr 5.10e-04 tok 8712 5.4s/step [data 3ms fwd 225ms bwd+opt 5130ms T=16720 passes=9]
[step 3240/12000] loss 1.1727 acc 63.8% gnorm 0.867 lr 5.09e-04 tok 5831 5.2s/step [data 3ms fwd 179ms bwd+opt 5014ms T=13840 passes=7]
[step 3260/12000] loss 1.5123 acc 50.5% gnorm 0.898 lr 5.07e-04 tok 8688 5.7s/step [data 3ms fwd 226ms bwd+opt 5479ms T=16688 passes=9]
[step 3280/12000] loss 1.6425 acc 49.6% gnorm 1.086 lr 5.06e-04 tok 4675 5.4s/step [data 5ms fwd 176ms bwd+opt 5257ms T=12688 passes=7]
[step 3300/12000] loss 1.0514 acc 67.4% gnorm 0.793 lr 5.05e-04 tok 14444 6.1s/step [data 4ms fwd 294ms bwd+opt 5797ms T=22448 passes=11]
[step 3320/12000] loss 1.0165 acc 67.4% gnorm 1.734 lr 5.04e-04 tok 13366 5.8s/step [data 3ms fwd 281ms bwd+opt 5519ms T=21376 passes=11]
[step 3340/12000] loss 1.1117 acc 65.2% gnorm 1.016 lr 5.03e-04 tok 6829 5.8s/step [data 3ms fwd 199ms bwd+opt 5564ms T=14832 passes=8]
[step 3360/12000] loss 0.9023 acc 71.5% gnorm 0.957 lr 5.02e-04 tok 13260 5.5s/step [data 3ms fwd 284ms bwd+opt 5179ms T=21264 passes=11]
[step 3380/12000] loss 1.7042 acc 46.7% gnorm 1.188 lr 5.00e-04 tok 16549 5.6s/step [data 3ms fwd 320ms bwd+opt 5255ms T=24560 passes=12]
[step 3400/12000] loss 1.3682 acc 54.4% gnorm 0.715 lr 4.99e-04 tok 14340 5.4s/step [data 3ms fwd 290ms bwd+opt 5100ms T=22352 passes=11]
[step 3420/12000] loss 1.3746 acc 54.6% gnorm 1.156 lr 4.98e-04 tok 6101 5.5s/step [data 3ms fwd 184ms bwd+opt 5344ms T=14112 passes=7]
[step 3440/12000] loss 1.2959 acc 57.9% gnorm 0.688 lr 4.97e-04 tok 9176 5.2s/step [data 3ms fwd 226ms bwd+opt 4985ms T=17184 passes=9]
[step 3460/12000] loss 1.0326 acc 69.6% gnorm 0.859 lr 4.96e-04 tok 8429 5.5s/step [data 3ms fwd 220ms bwd+opt 5232ms T=16432 passes=9]
[step 3480/12000] loss 0.8230 acc 75.2% gnorm 0.680 lr 4.95e-04 tok 7263 5.6s/step [data 3ms fwd 201ms bwd+opt 5427ms T=15264 passes=8]
[step 3500/12000] loss 1.0592 acc 67.8% gnorm 1.070 lr 4.93e-04 tok 6920 5.9s/step [data 4ms fwd 361ms bwd+opt 5499ms T=14928 passes=8]
[val 3500] loss 1.4091 acc 56.9% eos 48.4%
[val 3500] NEW BEST val_loss 1.4091 -> best_val.pt
[step 3520/12000] loss 1.1591 acc 64.7% gnorm 0.914 lr 4.92e-04 tok 8638 6.5s/step [data 6ms fwd 227ms bwd+opt 6276ms T=16640 passes=9]
[step 3540/12000] loss 1.1787 acc 62.9% gnorm 0.938 lr 4.91e-04 tok 14766 5.7s/step [data 2ms fwd 304ms bwd+opt 5349ms T=22768 passes=12]
[step 3560/12000] loss 0.9691 acc 68.6% gnorm 0.762 lr 4.90e-04 tok 13097 5.4s/step [data 2ms fwd 278ms bwd+opt 5169ms T=21104 passes=11]
[step 3580/12000] loss 1.2315 acc 58.4% gnorm 1.156 lr 4.88e-04 tok 5982 5.7s/step [data 2ms fwd 182ms bwd+opt 5536ms T=13984 passes=7]
[step 3600/12000] loss 1.5783 acc 48.6% gnorm 1.297 lr 4.87e-04 tok 8159 5.7s/step [data 2ms fwd 210ms bwd+opt 5462ms T=16160 passes=8]
[step 3620/12000] loss 1.6320 acc 48.2% gnorm 1.180 lr 4.86e-04 tok 16401 6.1s/step [data 3ms fwd 320ms bwd+opt 5777ms T=24416 passes=12]
[step 3640/12000] loss 1.5999 acc 52.2% gnorm 1.086 lr 4.85e-04 tok 6688 5.6s/step [data 3ms fwd 197ms bwd+opt 5370ms T=14688 passes=8]
[step 3660/12000] loss 1.0075 acc 70.6% gnorm 1.219 lr 4.84e-04 tok 6118 5.7s/step [data 2ms fwd 182ms bwd+opt 5526ms T=14128 passes=7]
[step 3680/12000] loss 1.4181 acc 55.0% gnorm 0.852 lr 4.82e-04 tok 10768 9.4s/step [data 6ms fwd 456ms bwd+opt 8966ms T=18768 passes=10]
[step 3700/12000] loss 1.2220 acc 60.0% gnorm 1.250 lr 4.81e-04 tok 7905 9.5s/step [data 2ms fwd 388ms bwd+opt 9159ms T=15920 passes=8]
[step 3720/12000] loss 0.6003 acc 83.9% gnorm 1.258 lr 4.80e-04 tok 7081 8.6s/step [data 2ms fwd 202ms bwd+opt 8443ms T=15088 passes=8]
[step 3740/12000] loss 1.1601 acc 60.3% gnorm 1.086 lr 4.78e-04 tok 7891 5.8s/step [data 3ms fwd 212ms bwd+opt 5558ms T=15904 passes=8]
[step 3760/12000] loss 0.9987 acc 69.2% gnorm 0.633 lr 4.77e-04 tok 7821 5.0s/step [data 3ms fwd 207ms bwd+opt 4829ms T=15824 passes=8]
[step 3780/12000] loss 1.4688 acc 54.3% gnorm 0.859 lr 4.76e-04 tok 11463 5.3s/step [data 2ms fwd 256ms bwd+opt 5001ms T=19472 passes=10]
[step 3800/12000] loss 0.5242 acc 86.3% gnorm 0.547 lr 4.75e-04 tok 16973 5.7s/step [data 3ms fwd 335ms bwd+opt 5315ms T=24976 passes=13]
[step 3820/12000] loss 0.6210 acc 82.3% gnorm 0.949 lr 4.73e-04 tok 8660 5.4s/step [data 2ms fwd 223ms bwd+opt 5179ms T=16672 passes=9]
[step 3840/12000] loss 0.9788 acc 68.8% gnorm 1.750 lr 4.72e-04 tok 11277 5.7s/step [data 3ms fwd 256ms bwd+opt 5425ms T=19280 passes=10]
[step 3860/12000] loss 0.9808 acc 67.8% gnorm 0.520 lr 4.71e-04 tok 23635 6.0s/step [data 2ms fwd 419ms bwd+opt 5587ms T=31648 passes=16]
[step 3880/12000] loss 1.3062 acc 60.6% gnorm 1.117 lr 4.69e-04 tok 9235 5.7s/step [data 3ms fwd 230ms bwd+opt 5463ms T=17248 passes=9]
[step 3900/12000] loss 0.8242 acc 74.1% gnorm 0.746 lr 4.68e-04 tok 13324 6.0s/step [data 2ms fwd 280ms bwd+opt 5678ms T=21328 passes=11]
[step 3920/12000] loss 0.9676 acc 69.3% gnorm 1.266 lr 4.67e-04 tok 7107 5.4s/step [data 3ms fwd 199ms bwd+opt 5241ms T=15120 passes=8]
[step 3940/12000] loss 0.9593 acc 71.3% gnorm 0.965 lr 4.66e-04 tok 5096 5.7s/step [data 3ms fwd 171ms bwd+opt 5576ms T=13104 passes=7]
[step 3960/12000] loss 0.4814 acc 85.6% gnorm 0.875 lr 4.64e-04 tok 4139 5.1s/step [data 3ms fwd 155ms bwd+opt 4943ms T=12144 passes=6]
[step 3980/12000] loss 0.6952 acc 79.2% gnorm 0.863 lr 4.63e-04 tok 5709 5.8s/step [data 4ms fwd 186ms bwd+opt 5590ms T=13712 passes=7]
